<area shape="rect" href="$classBasicMonodomainSolver.html" title="{BasicMonodomainSolver\&lt; ELEMENT_DIM, SPACE_DIM \&gt;\n||+ BasicMonodomainSolver()\l+ ~BasicMonodomainSolver()\l# SetupLinearSystem()\l}" alt="" coords="5,1271,384,1388">
<area shape="rect" href="$classMatrixBasedMonodomainSolver.html" title="{MatrixBasedMonodomainSolver\&lt; ELEMENT_DIM, SPACE_DIM \&gt;\n|&#45; mMassMatrix\l&#45; mVecForConstructingRhs\l|+ InitialiseForSolve()\l+ MatrixBasedMonodomainSolver()\l+ ~MatrixBasedMonodomainSolver()\l&#45; SetupLinearSystem()\l}" alt="" coords="408,1254,832,1406">
<area shape="rect" href="$classAbstractDynamicLinearPdeSolver.html" title="{AbstractDynamicLinearPdeSolver\&lt; ELEMENT_DIM, SPACE_DIM, 1 \&gt;\n|# mTstart\l# mTend\l# mDt\l# mDtInverse\l# mTimesSet\l# mInitialCondition\l# mMatrixIsAssembled\l# mMatrixIsConstant\l|+ AbstractDynamicLinearPdeSolver()\l+ SetTimes()\l+ SetInitialCondition()\l+ Solve()\l}" alt="" coords="181,712,632,966">
<area shape="rect" href="$classAbstractLinearPdeSolver.html" title="{AbstractLinearPdeSolver\&lt; ELEMENT_DIM, SPACE_DIM, PROBLEM_DIM \&gt;\n|# mpLinearSystem\l# mpMesh\l|+ AbstractLinearPdeSolver()\l+ ~AbstractLinearPdeSolver()\l+ InitialiseForSolve()\l+ PrepareForSetupLinearSystem()\l+ FinaliseLinearSystem()\l+ SetupLinearSystem()\l+ GetLinearSystem()\l}" alt="" coords="96,142,576,344">
<area shape="rect" href="$classAbstractDynamicLinearPdeSolver.html" title="{AbstractDynamicLinearPdeSolver\&lt; ELEMENT_DIM, SPACE_DIM, PROBLEM_DIM \&gt;\n|# mTstart\l# mTend\l# mDt\l# mDtInverse\l# mTimesSet\l# mInitialCondition\l# mMatrixIsAssembled\l# mMatrixIsConstant\l|+ AbstractDynamicLinearPdeSolver()\l+ SetTimes()\l+ SetInitialCondition()\l+ Solve()\l}" alt="" coords="357,395,893,648">
