<area shape="rect" href="$classAbstractOdeBasedCellCycleModel.html" title="{AbstractOdeBasedCellCycleModel\n|# mDivideTime\l# mFinishedRunningOdes\l# mG2PhaseStartTime\l|+ AbstractOdeBasedCellCycleModel()\l+ ~AbstractOdeBasedCellCycleModel()\l+ UpdateCellCyclePhase()\l+ GetOdeStopTime()\l+ SetBirthTime()\l+ GetProteinConcentrations()\l+ SetProteinConcentrationsForTestsOnly()\l+ ResetForDivision()\l+ SetFinishedRunningOdes()\l+ SetDivideTime()\l+ SetG2PhaseStartTime()\l&#45; serialize()\l}" alt="" coords="1301,1070,1592,1374">
<area shape="rect" href="$classAbstractSimpleCellCycleModel.html" title="{AbstractSimpleCellCycleModel\n||+ AbstractSimpleCellCycleModel()\l+ ~AbstractSimpleCellCycleModel()\l+ ResetForDivision()\l+ UpdateCellCyclePhase()\l+ InitialiseDaughterCell()\l+ Initialise()\l# SetG1Duration()\l&#45; serialize()\l}" alt="" coords="1972,1120,2223,1323">
<area shape="rect" href="$classAbstractWntOdeBasedCellCycleModel.html" title="{AbstractWntOdeBasedCellCycleModel\n||+ AbstractWntOdeBasedCellCycleModel()\l+ ~AbstractWntOdeBasedCellCycleModel()\l+ ResetForDivision()\l+ UpdateCellProliferativeType()\l+ ChangeCellProliferativeTypeDueToCurrentBetaCateninLevel()\l+ GetAverageTransitCellCycleTime()\l+ GetAverageStemCellCycleTime()\l+ CanCellTerminallyDifferentiate()\l# GetWntLevel()\l# UpdateCellCyclePhase()\l&#45; serialize()\l}" alt="" coords="697,1491,1116,1744">
<area shape="rect" href="$classAlarcon2004OxygenBasedCellCycleModel.html" title="{Alarcon2004OxygenBasedCellCycleModel\n||+ Alarcon2004OxygenBasedCellCycleModel()\l+ ResetForDivision()\l+ CreateCellCycleModel()\l+ Initialise()\l&#45; serialize()\l&#45; AdjustOdeParameters()\l}" alt="" coords="1140,1534,1449,1702">
<area shape="rect" href="$classTysonNovakCellCycleModel.html" title="{TysonNovakCellCycleModel\n||+ TysonNovakCellCycleModel()\l+ Initialise()\l+ ResetForDivision()\l+ CreateCellCycleModel()\l+ GetSDuration()\l+ GetG2Duration()\l+ GetMDuration()\l+ InitialiseDaughterCell()\l+ GetAverageTransitCellCycleTime()\l+ GetAverageStemCellCycleTime()\l+ CanCellTerminallyDifferentiate()\l&#45; serialize()\l}" alt="" coords="1473,1483,1724,1752">
<area shape="rect" href="$classAbstractVanLeeuwen2009WntSwatCellCycleModel.html" title="{AbstractVanLeeuwen2009WntSwatCellCycleModel\n||+ AbstractVanLeeuwen2009WntSwatCellCycleModel()\l+ Initialise()\l+ GetMembraneBoundBetaCateninLevel()\l+ GetCytoplasmicBetaCateninLevel()\l+ GetNuclearBetaCateninLevel()\l+ InitialiseOdeSystem()\l&#45; serialize()\l&#45; ChangeCellProliferativeTypeDueToCurrentBetaCateninLevel()\l&#45; AdjustOdeParameters()\l}" alt="" coords="381,1871,795,2090">
<area shape="rect" href="$classWntCellCycleModel.html" title="{WntCellCycleModel\n||+ WntCellCycleModel()\l+ CreateCellCycleModel()\l+ Initialise()\l&#45; serialize()\l&#45; ChangeCellProliferativeTypeDueToCurrentBetaCateninLevel()\l&#45; AdjustOdeParameters()\l}" alt="" coords="819,1896,1232,2064">
<area shape="rect" href="$classVanLeeuwen2009WntSwatCellCycleModelHypothesisOne.html" title="{VanLeeuwen2009WntSwatCellCycleModelHypothesisOne\n||+ VanLeeuwen2009WntSwatCellCycleModelHypothesisOne()\l+ InitialiseOdeSystem()\l+ CreateCellCycleModel()\l&#45; serialize()\l}" alt="" coords="5,2182,411,2315">
<area shape="rect" href="$classVanLeeuwen2009WntSwatCellCycleModelHypothesisTwo.html" title="{VanLeeuwen2009WntSwatCellCycleModelHypothesisTwo\n||+ VanLeeuwen2009WntSwatCellCycleModelHypothesisTwo()\l+ InitialiseOdeSystem()\l+ CreateCellCycleModel()\l&#45; serialize()\l}" alt="" coords="435,2182,835,2315">
<area shape="rect" href="$classStochasticWntCellCycleModel.html" title="{StochasticWntCellCycleModel\n|&#45; mStochasticG2Duration\l|+ StochasticWntCellCycleModel()\l+ CreateCellCycleModel()\l+ InitialiseDaughterCell()\l+ Initialise()\l+ ResetForDivision()\l+ GetG2Duration()\l&#45; serialize()\l&#45; GenerateStochasticG2Duration()\l}" alt="" coords="905,2147,1145,2350">
<area shape="rect" href="$classAbstractSimpleGenerationBasedCellCycleModel.html" title="{AbstractSimpleGenerationBasedCellCycleModel\n|# mGeneration\l# mMaxTransitGenerations\l|+ AbstractSimpleGenerationBasedCellCycleModel()\l+ ~AbstractSimpleGenerationBasedCellCycleModel()\l+ ResetForDivision()\l+ InitialiseDaughterCell()\l+ SetGeneration()\l+ GetGeneration()\l+ SetMaxTransitGenerations()\l+ GetMaxTransitGenerations()\l&#45; serialize()\l}" alt="" coords="1748,1499,2108,1736">
<area shape="rect" href="$classSimpleOxygenBasedCellCycleModel.html" title="{SimpleOxygenBasedCellCycleModel\n|# mTimeSpentInG1Phase\l# mCurrentHypoxicDuration\l# mCurrentHypoxiaOnsetTime\l# mHypoxicConcentration\l# mQuiescentConcentration\l# mCriticalHypoxicDuration\l|+ SimpleOxygenBasedCellCycleModel()\l+ UpdateCellCyclePhase()\l+ UpdateHypoxicDuration()\l+ GetCurrentHypoxicDuration()\l+ GetCurrentHypoxiaOnsetTime()\l+ CreateCellCycleModel()\l+ GetHypoxicConcentration()\l+ SetHypoxicConcentration()\l+ GetQuiescentConcentration()\l+ SetQuiescentConcentration()\l+ GetCriticalHypoxicDuration()\l+ SetCriticalHypoxicDuration()\l+ SetCurrentHypoxiaOnsetTime()\l&#45; serialize()\l}" alt="" coords="2141,1423,2413,1812">
<area shape="rect" href="$classSimpleWntCellCycleModel.html" title="{SimpleWntCellCycleModel\n|&#45; mUseCellProliferativeTypeDependentG1Duration\l&#45; mWntStemThreshold\l&#45; mWntTransitThreshold\l&#45; mWntLabelledThreshold\l|+ SimpleWntCellCycleModel()\l+ UpdateCellCyclePhase()\l+ InitialiseDaughterCell()\l+ CreateCellCycleModel()\l+ SetUseCellProliferativeTypeDependentG1Duration()\l+ CanCellTerminallyDifferentiate()\l+ GetWntStemThreshold()\l+ SetWntStemThreshold()\l+ GetWntTransitThreshold()\l+ SetWntTransitThreshold()\l+ GetWntLabelledThreshold()\l+ SetWntLabelledThreshold()\l# GetWntLevel()\l# GetWntType()\l# SetG1Duration()\l&#45; serialize()\l}" alt="" coords="2460,1423,2823,1812">
<area shape="rect" href="$classFixedDurationGenerationBasedCellCycleModel.html" title="{FixedDurationGenerationBasedCellCycleModel\n||+ FixedDurationGenerationBasedCellCycleModel()\l+ CreateCellCycleModel()\l&#45; serialize()\l}" alt="" coords="1375,1922,1713,2039">
<area shape="rect" href="$classStochasticDurationGenerationBasedCellCycleModel.html" title="{StochasticDurationGenerationBasedCellCycleModel\n||+ StochasticDurationGenerationBasedCellCycleModel()\l+ CreateCellCycleModel()\l&#45; serialize()\l&#45; SetG1Duration()\l}" alt="" coords="1737,1914,2111,2047">
<area shape="rect" href="$classStochasticOxygenBasedCellCycleModel.html" title="{StochasticOxygenBasedCellCycleModel\n|&#45; mStochasticG2Duration\l|+ StochasticOxygenBasedCellCycleModel()\l+ InitialiseDaughterCell()\l+ Initialise()\l+ ResetForDivision()\l+ GetG2Duration()\l+ SetStochasticG2Duration()\l+ CreateCellCycleModel()\l&#45; serialize()\l&#45; GenerateStochasticG2Duration()\l}" alt="" coords="2135,1871,2431,2090">
<area shape="rect" href="$classSingleOdeWntCellCycleModel.html" title="{SingleOdeWntCellCycleModel\n|&#45; mBetaCateninDivisionThreshold\l|+ SingleOdeWntCellCycleModel()\l+ Initialise()\l+ UpdateCellCyclePhase()\l+ CreateCellCycleModel()\l+ GetBetaCateninConcentration()\l+ SetBetaCateninDivisionThreshold()\l+ GetBetaCateninDivisionThreshold()\l&#45; serialize()\l&#45; ChangeCellProliferativeTypeDueToCurrentBetaCateninLevel()\l&#45; AdjustOdeParameters()\l}" alt="" coords="2455,1862,2868,2099">
