<area shape="rect" href="$classCompressibleNonlinearElasticitySolver.html" title="{CompressibleNonlinearElasticitySolver\&lt; DIM \&gt;\n|# mMaterialLaws\l# NUM_NODES_PER_ELEMENT\l# NUM_VERTICES_PER_ELEMENT\l# NUM_NODES_PER_BOUNDARY_ELEMENT\l# STENCIL_SIZE\l# BOUNDARY_STENCIL_SIZE\l|+ CompressibleNonlinearElasticitySolver()\l+ CompressibleNonlinearElasticitySolver()\l+ ~CompressibleNonlinearElasticitySolver()\l# AssembleOnElement()\l# AssembleOnBoundaryElement()\l# AssembleSystem()\l}" alt="" coords="5,1217,325,1470">
<area shape="rect" href="$classNonlinearElasticitySolver.html" title="{NonlinearElasticitySolver\&lt; DIM \&gt;\n|# mMaterialLaws\l# mPressures\l# NUM_NODES_PER_ELEMENT\l# NUM_VERTICES_PER_ELEMENT\l# NUM_NODES_PER_BOUNDARY_ELEMENT\l# STENCIL_SIZE\l# BOUNDARY_STENCIL_SIZE\l|+ NonlinearElasticitySolver()\l+ NonlinearElasticitySolver()\l+ ~NonlinearElasticitySolver()\l+ rGetPressures()\l# AssembleOnElement()\l# AssembleOnBoundaryElement()\l# FormInitialGuess()\l# AssembleSystem()\l}" alt="" coords="349,1192,645,1496">
