<area shape="rect" href="$classFixedDurationGenerationBasedCellCycleModel.html" title="{FixedDurationGenerationBasedCellCycleModel\n||+ FixedDurationGenerationBasedCellCycleModel()\l+ CreateDaughterCellCycleModel()\l&#45; serialize()\l&#45; FixedDurationGenerationBasedCellCycleModel()\l}" alt="" coords="5,917,317,1035">
<area shape="rect" href="$classStochasticDurationGenerationBasedCellCycleModel.html" title="{StochasticDurationGenerationBasedCellCycleModel\n||+ StochasticDurationGenerationBasedCellCycleModel()\l+ CreateDaughterCellCycleModel()\l&#45; serialize()\l&#45; SetG1Duration()\l&#45; StochasticDurationGenerationBasedCellCycleModel()\l}" alt="" coords="341,911,683,1041">
<area shape="rect" href="$classAbstractSimpleCellCycleModel.html" title="{AbstractSimpleCellCycleModel\n||+ AbstractSimpleCellCycleModel()\l+ ~AbstractSimpleCellCycleModel()\l+ ResetForDivision()\l+ UpdateCellCyclePhase()\l+ InitialiseDaughterCell()\l+ Initialise()\l# AbstractSimpleCellCycleModel()\l# SetG1Duration()\l&#45; serialize()\l}" alt="" coords="223,452,449,639">
<area shape="rect" href="$classAbstractCellCycleModel.html" title="{AbstractCellCycleModel\n|# mpCell\l# mBirthTime\l# mCurrentCellCyclePhase\l# mG1Duration\l# mReadyToDivide\l|+ AbstractCellCycleModel()\l+ ~AbstractCellCycleModel()\l+ SetCell()\l+ Initialise()\l+ InitialiseDaughterCell()\l+ GetCell()\l+ SetBirthTime()\l+ GetBirthTime()\l+ GetAge()\l+ ReadyToDivide()\l+ UpdateCellCyclePhase()\l+ ResetForDivision()\l+ CreateCellCycleModel()\l+ CreateDaughterCellCycleModel()\l+ GetCurrentCellCyclePhase()\l+ GetG1Duration()\l+ GetSDuration()\l+ GetG2Duration()\l+ GetMDuration()\l&#45; serialize()\l}" alt="" coords="225,5,447,403">
