<area shape="rect" href="$classAbstractDynamicLinearPdeSolver.html" title="{AbstractDynamicLinearPdeSolver\&lt; ELEMENT_DIM, SPACE_DIM, 1 \&gt;\n|# mTstart\l# mTend\l# mTimesSet\l# mInitialCondition\l# mMatrixIsAssembled\l# mMatrixIsConstant\l# mIdealTimeStep\l# mLastWorkingTimeStep\l# mpTimeAdaptivityController\l|+ AbstractDynamicLinearPdeSolver()\l+ SetTimes()\l+ SetTimeStep()\l+ SetInitialCondition()\l+ Solve()\l+ SetMatrixIsNotAssembled()\l+ SetTimeAdaptivityController()\l}" alt="" coords="512,802,963,1122">
<area shape="rect" href="$classAbstractDynamicLinearPdeSolver.html" title="{AbstractDynamicLinearPdeSolver\&lt; ELEMENT_DIM, SPACE_DIM, 2 \&gt;\n|# mTstart\l# mTend\l# mTimesSet\l# mInitialCondition\l# mMatrixIsAssembled\l# mMatrixIsConstant\l# mIdealTimeStep\l# mLastWorkingTimeStep\l# mpTimeAdaptivityController\l|+ AbstractDynamicLinearPdeSolver()\l+ SetTimes()\l+ SetTimeStep()\l+ SetInitialCondition()\l+ Solve()\l+ SetMatrixIsNotAssembled()\l+ SetTimeAdaptivityController()\l}" alt="" coords="1300,802,1751,1122">
<area shape="rect" href="$classAbstractLinearPdeSolver.html" title="{AbstractLinearPdeSolver\&lt; ELEMENT_DIM, SPACE_DIM, PROBLEM_DIM \&gt;\n|# mpLinearSystem\l# mpMesh\l|+ AbstractLinearPdeSolver()\l+ ~AbstractLinearPdeSolver()\l+ InitialiseForSolve()\l+ PrepareForSetupLinearSystem()\l+ FinaliseLinearSystem()\l+ FollowingSolveLinearSystem()\l+ SetupLinearSystem()\l+ GetLinearSystem()\l}" alt="" coords="775,143,1255,362">
<area shape="rect" href="$classAbstractMonodomainSolver.html" title="{AbstractMonodomainSolver\&lt; ELEMENT_DIM, SPACE_DIM \&gt;\n|# mpBoundaryConditions\l# mpMonodomainTissue\l# mpMonodomainAssembler\l# mNumQuadPoints\l|+ PrepareForSetupLinearSystem()\l+ InitialiseForSolve()\l+ AbstractMonodomainSolver()\l+ ~AbstractMonodomainSolver()\l}" alt="" coords="9,1286,409,1470">
<area shape="rect" href="$classOperatorSplittingMonodomainSolver.html" title="{OperatorSplittingMonodomainSolver\&lt; ELEMENT_DIM, SPACE_DIM \&gt;\n|&#45; mpBoundaryConditions\l&#45; mpMonodomainTissue\l&#45; mpMonodomainAssembler\l&#45; mNumQuadPoints\l&#45; mMassMatrix\l&#45; mVecForConstructingRhs\l|+ InitialiseForSolve()\l+ OperatorSplittingMonodomainSolver()\l+ ~OperatorSplittingMonodomainSolver()\l&#45; SetupLinearSystem()\l&#45; PrepareForSetupLinearSystem()\l&#45; FollowingSolveLinearSystem()\l}" alt="" coords="433,1251,887,1504">
<area shape="rect" href="$classSimpleLinearParabolicSolver.html" title="{SimpleLinearParabolicSolver\&lt; ELEMENT_DIM, SPACE_DIM \&gt;\n|# mpParabolicPde\l|+ SimpleLinearParabolicSolver()\l# ComputeMatrixTerm()\l# ComputeVectorTerm()\l# ComputeVectorSurfaceTerm()\l# SetupLinearSystem()\l}" alt="" coords="911,1302,1313,1454">
<area shape="rect" href="$classBasicMonodomainSolver.html" title="{BasicMonodomainSolver\&lt; ELEMENT_DIM, SPACE_DIM \&gt;\n||+ BasicMonodomainSolver()\l+ ~BasicMonodomainSolver()\l# SetupLinearSystem()\l}" alt="" coords="5,1791,384,1908">
<area shape="rect" href="$classMatrixBasedMonodomainSolver.html" title="{MatrixBasedMonodomainSolver\&lt; ELEMENT_DIM, SPACE_DIM \&gt;\n|&#45; mMassMatrix\l&#45; mVecForConstructingRhs\l&#45; mpMonodomainCorrectionTermAssembler\l|+ InitialiseForSolve()\l+ MatrixBasedMonodomainSolver()\l+ ~MatrixBasedMonodomainSolver()\l&#45; SetupLinearSystem()\l}" alt="" coords="408,1766,832,1934">
<area shape="rect" href="$classAbstractBidomainSolver.html" title="{AbstractBidomainSolver\&lt; ELEMENT_DIM, SPACE_DIM \&gt;\n|# mBathSimulation\l# mpBidomainTissue\l# mpBoundaryConditions\l# mpBidomainAssembler\l# mNumQuadPoints\l# mNullSpaceCreated\l# mpConfig\l# mFixedExtracellularPotentialNodes\l# mRowForAverageOfPhiZeroed\l|+ AbstractBidomainSolver()\l+ ~AbstractBidomainSolver()\l+ SetFixedExtracellularPotentialNodes()\l+ SetRowForAverageOfPhiZeroed()\l+ GetBoundaryConditions()\l+ ResetBoundaryConditionsContainer()\l# InitialiseForSolve()\l# CheckCompatibilityCondition()\l# PrepareForSetupLinearSystem()\l# FinaliseLinearSystem()\l# GenerateNullBasis()\l# FinaliseForBath()\l}" alt="" coords="1337,1175,1713,1580">
<area shape="rect" href="$classAbstractBidomainSolver.html" title="{AbstractBidomainSolver\&lt; DIM, DIM \&gt;\n|# mBathSimulation\l# mpBidomainTissue\l# mpBoundaryConditions\l# mpBidomainAssembler\l# mNumQuadPoints\l# mNullSpaceCreated\l# mpConfig\l# mFixedExtracellularPotentialNodes\l# mRowForAverageOfPhiZeroed\l|+ AbstractBidomainSolver()\l+ ~AbstractBidomainSolver()\l+ SetFixedExtracellularPotentialNodes()\l+ SetRowForAverageOfPhiZeroed()\l+ GetBoundaryConditions()\l+ ResetBoundaryConditionsContainer()\l# InitialiseForSolve()\l# CheckCompatibilityCondition()\l# PrepareForSetupLinearSystem()\l# FinaliseLinearSystem()\l# GenerateNullBasis()\l# FinaliseForBath()\l}" alt="" coords="1704,1647,1979,2052">
<area shape="rect" href="$classBasicBidomainSolver.html" title="{BasicBidomainSolver\&lt; ELEMENT_DIM, SPACE_DIM \&gt;\n||+ BasicBidomainSolver()\l+ ~BasicBidomainSolver()\l# SetupLinearSystem()\l# InitialiseAssembler()\l}" alt="" coords="901,1783,1256,1916">
<area shape="rect" href="$classMatrixBasedBidomainSolver.html" title="{MatrixBasedBidomainSolver\&lt; ELEMENT_DIM, SPACE_DIM \&gt;\n|&#45; mMassMatrix\l&#45; mVecForConstructingRhs\l&#45; mpBidomainCorrectionTermAssembler\l|+ MatrixBasedBidomainSolver()\l+ ~MatrixBasedBidomainSolver()\l&#45; InitialiseForSolve()\l&#45; SetupLinearSystem()\l}" alt="" coords="1280,1766,1680,1934">
