<area shape="rect" href="$classAbstractUntemplatedConvergenceTester.html" title="AbstractUntemplatedConvergenceTester" alt="" coords="7,81,287,108">
<area shape="rect" href="$classAbstractConvergenceTester.html" title="AbstractConvergenceTester\&lt; CELL, CARDIAC_PROBLEM, DIM, PROBLEM_DIM \&gt;" alt="" coords="337,81,860,108">
<area shape="rect" href="$classOdeConvergenceTester.html" title="OdeConvergenceTester\&lt; CELL, CARDIAC_PROBLEM, DIM, PROBLEM_DIM \&gt;" alt="" coords="921,5,1417,32">
<area shape="rect" href="$classOdePdeConvergenceTester.html" title="OdePdeConvergenceTester\&lt; CELL, CARDIAC_PROBLEM, DIM, PROBLEM_DIM \&gt;" alt="" coords="909,56,1429,82">
<area shape="rect" href="$classPdeConvergenceTester.html" title="PdeConvergenceTester\&lt; CELL, CARDIAC_PROBLEM, DIM, PROBLEM_DIM \&gt;" alt="" coords="923,106,1416,133">
<area shape="rect" href="$classSpaceConvergenceTester.html" title="SpaceConvergenceTester\&lt; CELL, CARDIAC_PROBLEM, DIM, PROBLEM_DIM \&gt;" alt="" coords="915,157,1424,184">
