<area shape="rect" href="$classAbstractOdeBasedCellCycleModel.html" title="{AbstractOdeBasedCellCycleModel\n|# mpOdeSystem\l# mLastTime\l# mDivideTime\l# mFinishedRunningOdes\l# mG2PhaseStartTime\l|+ AbstractOdeBasedCellCycleModel()\l+ AbstractOdeBasedCellCycleModel()\l+ ~AbstractOdeBasedCellCycleModel()\l+ UpdateCellCyclePhase()\l+ SolveOdeToTime()\l+ GetOdeStopTime()\l+ SetBirthTime()\l+ GetProteinConcentrations()\l+ SetProteinConcentrationsForTestsOnly()\l+ ResetForDivision()\l&#45; serialize()\l}" alt="" coords="632,529,923,849">
<area shape="rect" href="$classAbstractSimpleCellCycleModel.html" title="{AbstractSimpleCellCycleModel\n||+ AbstractSimpleCellCycleModel()\l+ ~AbstractSimpleCellCycleModel()\l+ ResetForDivision()\l+ UpdateCellCyclePhase()\l+ InitialiseDaughterCell()\l+ Initialise()\l# SetG1Duration()\l&#45; serialize()\l}" alt="" coords="964,588,1215,790">
<area shape="rect" href="$classAbstractWntOdeBasedCellCycleModel.html" title="{AbstractWntOdeBasedCellCycleModel\n|# mDimension\l# msSolver\l|+ AbstractWntOdeBasedCellCycleModel()\l+ AbstractWntOdeBasedCellCycleModel()\l+ ResetForDivision()\l+ UpdateCellType()\l+ ChangeCellTypeDueToCurrentBetaCateninLevel()\l+ GetDimension()\l# GetOdeStopTime()\l# GetWntLevel()\l&#45; serialize()\l}" alt="" coords="301,908,645,1145">
<area shape="rect" href="$classTysonNovakCellCycleModel.html" title="{TysonNovakCellCycleModel\n|&#45; msSolver\l|+ TysonNovakCellCycleModel()\l+ TysonNovakCellCycleModel()\l+ ResetForDivision()\l+ CreateCellCycleModel()\l+ SolveOdeToTime()\l+ GetOdeStopTime()\l+ GetSDuration()\l+ GetG2Duration()\l+ GetMDuration()\l+ InitialiseDaughterCell()\l&#45; serialize()\l}" alt="" coords="669,900,885,1153">
<area shape="rect" href="$classIngeWntSwatCellCycleModel.html" title="{IngeWntSwatCellCycleModel\n|&#45; mHypothesis\l|+ IngeWntSwatCellCycleModel()\l+ IngeWntSwatCellCycleModel()\l+ IngeWntSwatCellCycleModel()\l+ CreateCellCycleModel()\l+ Initialise()\l+ SolveOdeToTime()\l+ GetMembraneBoundBetaCateninLevel()\l+ GetCytoplasmicBetaCateninLevel()\l+ GetNuclearBetaCateninLevel()\l+ GetHypothesis()\l&#45; serialize()\l&#45; ChangeCellTypeDueToCurrentBetaCateninLevel()\l}" alt="" coords="5,1204,344,1473">
<area shape="rect" href="$classWntCellCycleModel.html" title="{WntCellCycleModel\n||+ WntCellCycleModel()\l+ WntCellCycleModel()\l+ WntCellCycleModel()\l+ WntCellCycleModel()\l+ CreateCellCycleModel()\l+ Initialise()\l+ SolveOdeToTime()\l&#45; serialize()\l&#45; ChangeCellTypeDueToCurrentBetaCateninLevel()\l}" alt="" coords="368,1229,707,1448">
<area shape="rect" href="$classStochasticWntCellCycleModel.html" title="{StochasticWntCellCycleModel\n|&#45; mG2Duration\l|+ InitialiseDaughterCell()\l+ Initialise()\l+ ResetForDivision()\l+ GetG2Duration()\l+ StochasticWntCellCycleModel()\l+ StochasticWntCellCycleModel()\l+ CreateCellCycleModel()\l&#45; serialize()\l&#45; SetG2Duration()\l}" alt="" coords="421,1524,653,1742">
<area shape="rect" href="$classAbstractSimpleGenerationBasedCellCycleModel.html" title="{AbstractSimpleGenerationBasedCellCycleModel\n|# mGeneration\l|+ AbstractSimpleGenerationBasedCellCycleModel()\l+ ~AbstractSimpleGenerationBasedCellCycleModel()\l+ ResetForDivision()\l+ InitialiseDaughterCell()\l+ SetGeneration()\l+ GetGeneration()\l&#45; serialize()\l}" alt="" coords="909,934,1269,1118">
<area shape="rect" href="$classSimpleWntCellCycleModel.html" title="{SimpleWntCellCycleModel\n|&#45; mUseCellTypeDependentG1Duration\l&#45; mDimension\l|+ SimpleWntCellCycleModel()\l+ UpdateCellCyclePhase()\l+ ResetForDivision()\l+ InitialiseDaughterCell()\l+ CreateCellCycleModel()\l+ GetDimension()\l# SetG1Duration()\l&#45; serialize()\l&#45; GetWntLevel()\l&#45; GetWntType()\l}" alt="" coords="1293,900,1557,1153">
<area shape="rect" href="$classFixedDurationGenerationBasedCellCycleModel.html" title="{FixedDurationGenerationBasedCellCycleModel\n||+ FixedDurationGenerationBasedCellCycleModel()\l+ CreateCellCycleModel()\l&#45; serialize()\l}" alt="" coords="857,1280,1196,1397">
<area shape="rect" href="$classStochasticDurationGenerationBasedCellCycleModel.html" title="{StochasticDurationGenerationBasedCellCycleModel\n||+ StochasticDurationGenerationBasedCellCycleModel()\l+ CreateCellCycleModel()\l&#45; serialize()\l&#45; SetG1Duration()\l}" alt="" coords="1220,1272,1593,1405">
