<area shape="rect" href="$classGaussianQuadratureRule.html" title="{GaussianQuadratureRule\&lt; DIM \&gt;\n|&#45; mNumQuadPoints\l&#45; mPoints\l&#45; mWeights\l|+ GaussianQuadratureRule()\l+ rGetQuadPoint()\l+ GetWeight()\l+ GetNumQuadPoints()\l}" alt="" coords="5,238,237,406">
<area shape="rect" href="$classGaussianQuadratureRule.html" title="{GaussianQuadratureRule\&lt; ELEMENT_DIM \&gt;\n|&#45; mNumQuadPoints\l&#45; mPoints\l&#45; mWeights\l|+ GaussianQuadratureRule()\l+ rGetQuadPoint()\l+ GetWeight()\l+ GetNumQuadPoints()\l}" alt="" coords="261,238,560,406">
<area shape="rect" href="$classGaussianQuadratureRule.html" title="{GaussianQuadratureRule\&lt; ELEMENT_DIM&#45;1 \&gt;\n|&#45; mNumQuadPoints\l&#45; mPoints\l&#45; mWeights\l|+ GaussianQuadratureRule()\l+ rGetQuadPoint()\l+ GetWeight()\l+ GetNumQuadPoints()\l}" alt="" coords="584,238,896,406">
<area shape="rect" href="$classGaussianQuadratureRule.html" title="{GaussianQuadratureRule\&lt; DIM&#45;1 \&gt;\n|&#45; mNumQuadPoints\l&#45; mPoints\l&#45; mWeights\l|+ GaussianQuadratureRule()\l+ rGetQuadPoint()\l+ GetWeight()\l+ GetNumQuadPoints()\l}" alt="" coords="920,238,1165,406">
