<area shape="rect" href="$AbstractCardiacCell_8hpp&#45;source.html" title="AbstractCardiacCell.hpp" alt="" coords="2872,84,3045,110">
<area shape="rect" href="$Exception_8hpp&#45;source.html" title="Exception.hpp" alt="" coords="2420,393,2532,420">
<area shape="rect" href="$AbstractStimulusFunction_8hpp&#45;source.html" title="AbstractStimulusFunction.hpp" alt="" coords="4340,316,4551,342">
<area shape="rect" href="$OdeSystemInformation_8hpp&#45;source.html" title="OdeSystemInformation.hpp" alt="" coords="991,316,1188,342">
<area shape="rect" href="$AbstractOdeSystem_8hpp&#45;source.html" title="AbstractOdeSystem.hpp" alt="" coords="1576,316,1755,342">
<area shape="rect" href="$AbstractIvpOdeSolver_8hpp&#45;source.html" title="AbstractIvpOdeSolver.hpp" alt="" coords="1668,161,1855,188">
<area shape="rect" href="$HeartConfig_8hpp&#45;source.html" title="HeartConfig.hpp" alt="" coords="2583,161,2708,188">
<area shape="rect" href="$AbstractOdeSystemInformation_8hpp&#45;source.html" title="AbstractOdeSystemInformation.hpp" alt="" coords="964,393,1215,420">
<area shape="rect" href="$OdeSolution_8hpp&#45;source.html" title="OdeSolution.hpp" alt="" coords="509,238,637,265">
<area shape="rect" href="$ColumnDataWriter_8hpp&#45;source.html" title="ColumnDataWriter.hpp" alt="" coords="492,316,655,342">
<area shape="rect" href="$AbstractDataWriter_8hpp&#45;source.html" title="AbstractDataWriter.hpp" alt="" coords="297,393,465,420">
<area shape="rect" href="$DataWriterVariable_8hpp&#45;source.html" title="DataWriterVariable.hpp" alt="" coords="489,393,657,420">
<area shape="rect" href="$OutputFileHandler_8hpp&#45;source.html" title="OutputFileHandler.hpp" alt="" coords="111,393,273,420">
<area shape="rect" href="$UblasIncludes_8hpp.html" title="UblasIncludes.hpp" alt="" coords="3152,238,3288,265">
<area shape="rect" href="$ArchiveLocationInfo_8hpp&#45;source.html" title="ArchiveLocationInfo.hpp" alt="" coords="1977,316,2151,342">
<area shape="rect" href="$SimpleStimulus_8hpp&#45;source.html" title="SimpleStimulus.hpp" alt="" coords="2736,238,2885,265">
<area shape="rect" href="$ChasteCuboid_8hpp&#45;source.html" title="ChasteCuboid.hpp" alt="" coords="2523,238,2661,265">
<area shape="rect" href="$PetscTools_8hpp&#45;source.html" title="PetscTools.hpp" alt="" coords="2281,393,2396,420">
<area shape="rect" href="$ChastePoint_8hpp&#45;source.html" title="ChastePoint.hpp" alt="" coords="2225,316,2351,342">
